Flutter crash report.
Please report a bug at https://github.com/flutter/flutter/issues.

## command

flutter debug_adapter

## exception

FileSystemException: FileSystemException: writeFrom failed, path = '' (OS Error: The pipe is being closed.
, errno = 232)

```
#0      _checkForErrorResponse (dart:io/common.dart:58:9)
#1      _RandomAccessFile.writeFrom.<anonymous closure> (dart:io/file_impl.dart:1001:7)
#2      _rootRunUnary (dart:async/zone.dart:1538:47)
#3      _CustomZone.runUnary (dart:async/zone.dart:1429:19)
<asynchronous suspension>
#4      _FileStreamConsumer.addStream.<anonymous closure>.<anonymous closure>.<anonymous closure> (dart:io/file_impl.dart:237:27)
<asynchronous suspension>
```

## flutter doctor

```
[!] Flutter (Channel stable, 3.35.7, on Microsoft Windows [Version 10.0.26200.7171], locale en-GB) [688ms]
    • Flutter version 3.35.7 on channel stable at C:\Users\Hezra\.android\flutter
    ! The flutter binary is not on your path. Consider adding C:\Users\Hezra\.android\flutter\bin to your path.
    ! The dart binary is not on your path. Consider adding C:\Users\Hezra\.android\flutter\bin to your path.
    • Upstream repository https://github.com/flutter/flutter.git
    • Framework revision adc9010625 (5 weeks ago), 2025-10-21 14:16:03 -0400
    • Engine revision 035316565a
    • Dart version 3.9.2
    • DevTools version 2.48.0
    • Feature flags: enable-web, enable-linux-desktop, enable-macos-desktop, enable-windows-desktop, enable-android, enable-ios, cli-animations, enable-lldb-debugging
    • If those were intentional, you can disregard the above warnings; however it is recommended to use "git" directly to perform update checks and upgrades.

[✓] Windows Version (11 Pro 64-bit, 25H2, 2009) [2.4s]

[✓] Android toolchain - develop for Android devices (Android SDK version 36.1.0) [8.0s]
    • Android SDK at C:\Users\Hezra\AppData\Local\Android\Sdk
    • Emulator version unknown
    • Platform android-36, build-tools 36.1.0
    • ANDROID_HOME = C:\Users\Hezra\AppData\Local\Android\Sdk
    • ANDROID_SDK_ROOT = C:\Path\To\Android\Sdk
    • Java binary at: C:\Program Files\Eclipse Adoptium\jdk-17.0.17.10-hotspot\bin\java
      This JDK is specified in your Flutter configuration.
      To change the current JDK, run: `flutter config --jdk-dir="path/to/jdk"`.
    • Java version OpenJDK Runtime Environment Temurin-17.0.17+10 (build 17.0.17+10)
    • All Android licenses accepted.

[✓] Chrome - develop for the web [36ms]
    • Chrome at C:\Program Files\Google\Chrome\Application\chrome.exe

[✗] Visual Studio - develop Windows apps [34ms]
    ✗ Visual Studio not installed; this is necessary to develop Windows apps.
      Download at https://visualstudio.microsoft.com/downloads/.
      Please install the "Desktop development with C++" workload, including all of its default components

[✓] Android Studio (version 2025.2.1) [25ms]
    • Android Studio at C:\Program Files\Android\Android Studio5
    • Flutter plugin can be installed from:
      🔨 https://plugins.jetbrains.com/plugin/9212-flutter
    • Dart plugin can be installed from:
      🔨 https://plugins.jetbrains.com/plugin/6351-dart
    • Java version OpenJDK Runtime Environment (build 21.0.8+-14196175-b1038.72)

[✓] VS Code (version 1.106.3) [19ms]
    • VS Code at C:\Users\Hezra\AppData\Local\Programs\Microsoft VS Code
    • Flutter extension version 3.122.0

[✓] Connected device (3 available) [607ms]
    • Windows (desktop) • windows • windows-x64    • Microsoft Windows [Version 10.0.26200.7171]
    • Chrome (web)      • chrome  • web-javascript • Google Chrome 142.0.7444.176
    • Edge (web)        • edge    • web-javascript • Microsoft Edge 142.0.3595.94

[✓] Network resources [1,339ms]
    • All expected network resources are available.

! Doctor found issues in 2 categories.
```
