Flutter crash report.
Please report a bug at https://github.com/flutter/flutter/issues.

## command

flutter run

## exception

DartDevelopmentServiceException: DartDevelopmentServiceException: Failed to start Dart Development Service

```
```

## flutter doctor

```
[32m[✓][39m Flutter (Channel stable, 3.38.3, on Microsoft Windows [Version 10.0.26200.7171], locale en-GB) [596ms]
    [32m•[39m Flutter version 3.38.3 on channel stable at C:\Users\Hezra\.android\flutter
    [32m•[39m Upstream repository https://github.com/flutter/flutter.git
    [32m•[39m Framework revision 19074d12f7 (11 days ago), 2025-11-20 17:53:13 -0500
    [32m•[39m Engine revision 13e658725d
    [32m•[39m Dart version 3.10.1
    [32m•[39m DevTools version 2.51.1
    [32m•[39m Feature flags: enable-web, enable-linux-desktop, enable-macos-desktop, enable-windows-desktop, enable-android, enable-ios,
      cli-animations, enable-native-assets, omit-legacy-version-file, enable-lldb-debugging

[32m[✓][39m Windows Version (11 Pro 64-bit, 25H2, 2009) [2.5s]

[32m[✓][39m Android toolchain - develop for Android devices (Android SDK version 36.1.0) [5.0s]
    [32m•[39m Android SDK at C:\Users\Hezra\AppData\Local\Android\Sdk
    [32m•[39m Emulator version unknown
    [32m•[39m Platform android-36, build-tools 36.1.0
    [32m•[39m ANDROID_HOME = C:\Users\Hezra\AppData\Local\Android\Sdk
    [32m•[39m ANDROID_SDK_ROOT = C:\Path\To\Android\Sdk
    [32m•[39m Java binary at: C:\Program Files\Eclipse Adoptium\jdk-17.0.17.10-hotspot\bin\java
      This JDK is specified in your Flutter configuration.
      To change the current JDK, run: `flutter config --jdk-dir="path/to/jdk"`.
    [32m•[39m Java version OpenJDK Runtime Environment Temurin-17.0.17+10 (build 17.0.17+10)
    [32m•[39m All Android licenses accepted.

[32m[✓][39m Chrome - develop for the web [13ms]
    [32m•[39m Chrome at C:\Program Files\Google\Chrome\Application\chrome.exe

[31m[✗][39m Visual Studio - develop Windows apps [12ms]
    [31m✗[39m Visual Studio not installed; this is necessary to develop Windows apps.
      Download at https://visualstudio.microsoft.com/downloads/.
      Please install the "Desktop development with C++" workload, including all of its default components

[32m[✓][39m Connected device (3 available) [348ms]
    [32m•[39m Windows (desktop) • windows • windows-x64    • Microsoft Windows [Version 10.0.26200.7171]
    [32m•[39m Chrome (web)      • chrome  • web-javascript • Google Chrome 142.0.7444.176
    [32m•[39m Edge (web)        • edge    • web-javascript • Microsoft Edge 142.0.3595.94

[32m[✓][39m Network resources [1,213ms]
    [32m•[39m All expected network resources are available.

[33m![39m Doctor found issues in 1 category.
```
