Flutter crash report.
Please report a bug at https://github.com/flutter/flutter/issues.

## command

flutter create --platforms web --empty .

## exception

FileSystemException: FileSystemException: Failed to decode data using encoding 'utf-8', path = '.\android\app\build.gradle'

```
#0      _File._tryDecode (dart:io/file_impl.dart:708:7)
#1      _File.readAsStringSync (dart:io/file_impl.dart:719:7)
#2      _File.readAsLinesSync (dart:io/file_impl.dart:725:36)
#3      ForwardingFile.readAsLinesSync (package:file/src/forwarding/forwarding_file.dart:107:16)
#4      ForwardingFile.readAsLinesSync (package:file/src/forwarding/forwarding_file.dart:107:16)
#5      firstMatchInFile (package:flutter_tools/src/base/utils.dart:518:34)
#6      AndroidProject.applicationId (package:flutter_tools/src/project.dart:818:12)
#7      FlutterProject.organizationNames (package:flutter_tools/src/project.dart:164:45)
<asynchronous suspension>
#8      CreateBase.getOrganization (package:flutter_tools/src/commands/create_base.dart:181:49)
<asynchronous suspension>
#9      CreateCommand.runCommand (package:flutter_tools/src/commands/create.dart:344:33)
<asynchronous suspension>
#10     FlutterCommand.run.<anonymous closure> (package:flutter_tools/src/runner/flutter_command.dart:1559:27)
<asynchronous suspension>
#11     AppContext.run.<anonymous closure> (package:flutter_tools/src/base/context.dart:154:19)
<asynchronous suspension>
#12     CommandRunner.runCommand (package:args/command_runner.dart:212:13)
<asynchronous suspension>
#13     FlutterCommandRunner.runCommand.<anonymous closure> (package:flutter_tools/src/runner/flutter_command_runner.dart:487:9)
<asynchronous suspension>
#14     AppContext.run.<anonymous closure> (package:flutter_tools/src/base/context.dart:154:19)
<asynchronous suspension>
#15     FlutterCommandRunner.runCommand (package:flutter_tools/src/runner/flutter_command_runner.dart:422:5)
<asynchronous suspension>
#16     run.<anonymous closure>.<anonymous closure> (package:flutter_tools/runner.dart:104:11)
<asynchronous suspension>
#17     AppContext.run.<anonymous closure> (package:flutter_tools/src/base/context.dart:154:19)
<asynchronous suspension>
#18     main (package:flutter_tools/executable.dart:103:3)
<asynchronous suspension>
```

## flutter doctor

```
[!] Flutter (Channel stable, 3.38.3, on Microsoft Windows [Version 10.0.26200.7309], locale en-GB) [482ms]
    • Flutter version 3.38.3 on channel stable at C:\Users\Hezra\.android\flutter
    ! The flutter binary is not on your path. Consider adding C:\Users\Hezra\.android\flutter\bin to your path.
    ! The dart binary is not on your path. Consider adding C:\Users\Hezra\.android\flutter\bin to your path.
    • Upstream repository https://github.com/flutter/flutter.git
    • Framework revision 19074d12f7 (13 days ago), 2025-11-20 17:53:13 -0500
    • Engine revision 13e658725d
    • Dart version 3.10.1
    • DevTools version 2.51.1
    • Feature flags: enable-web, enable-linux-desktop, enable-macos-desktop, enable-windows-desktop, enable-android, enable-ios, cli-animations, enable-native-assets, omit-legacy-version-file, enable-lldb-debugging
    • If those were intentional, you can disregard the above warnings; however it is recommended to use "git" directly to perform update checks and upgrades.

[✓] Windows Version (11 Pro 64-bit, 25H2, 2009) [2.4s]

[✓] Android toolchain - develop for Android devices (Android SDK version 36.1.0) [8.3s]
    • Android SDK at C:\Users\Hezra\AppData\Local\Android\Sdk
    • Emulator version unknown
    • Platform android-36, build-tools 36.1.0
    • ANDROID_HOME = C:\Users\Hezra\AppData\Local\Android\Sdk
    • ANDROID_SDK_ROOT = C:\Users\Hezra\AppData\Local\Android\Sdk
    • Java binary at: C:\Program Files\Eclipse Adoptium\jdk-17.0.17.10-hotspot\bin\java
      This JDK is specified in your Flutter configuration.
      To change the current JDK, run: `flutter config --jdk-dir="path/to/jdk"`.
    • Java version OpenJDK Runtime Environment Temurin-17.0.17+10 (build 17.0.17+10)
    • All Android licenses accepted.

[✓] Chrome - develop for the web [26ms]
    • Chrome at C:\Program Files\Google\Chrome\Application\chrome.exe

[✗] Visual Studio - develop Windows apps [23ms]
    ✗ Visual Studio not installed; this is necessary to develop Windows apps.
      Download at https://visualstudio.microsoft.com/downloads/.
      Please install the "Desktop development with C++" workload, including all of its default components

[✓] Connected device (4 available) [936ms]
    • SM A315F (mobile) • RF8N83JLG8K • android-arm64  • Android 12 (API 31)
    • Windows (desktop) • windows     • windows-x64    • Microsoft Windows [Version 10.0.26200.7309]
    • Chrome (web)      • chrome      • web-javascript • Google Chrome 142.0.7444.176
    • Edge (web)        • edge        • web-javascript • Microsoft Edge 142.0.3595.94

[✓] Network resources [1,281ms]
    • All expected network resources are available.

! Doctor found issues in 2 categories.
```
